---
source: crates/check_browser_supported/tests/check_browser_supported_with_source_code_test.rs
expression: result
snapshot_kind: text
---
[
    CompatBox {
        name: "statements.classes",
        compat: Compat {
            name: "statements.classes",
            mdn_url: "https://developer.mozilla.org/en-US/docs/Web/JavaScript/Reference/Statements/class",
            description: "The class declaration creates a binding of a new class to a given name.",
            tags: [
                "web-features:class-syntax",
                "web-features:snapshot:ecmascript-2015",
            ],
            support: Support {
                chrome: "49",
                chrome_android: "49",
                firefox: "45",
                firefox_android: "45",
                safari: "10.1",
                safari_ios: "10.1",
                edge: "13",
                node: "6.0.0",
                deno: "1.0.0",
            },
        },
        file_path: "test.ts",
        ast_node: AstNode {
            span: Span {
                start: 13,
                end: 198,
            },
            loc: Location {
                start: Position {
                    line: 2,
                    col: 13,
                },
                end: Position {
                    line: 8,
                    col: 14,
                },
            },
        },
    },
    CompatBox {
        name: "classes.private_class_fields",
        compat: Compat {
            name: "classes.private_class_fields",
            mdn_url: "https://developer.mozilla.org/en-US/docs/Web/JavaScript/Reference/Classes/Private_properties#browser_compatibility",
            description: "Private class fields",
            tags: [
                "web-features:class-syntax",
                "web-features:snapshot:ecmascript-2015",
            ],
            support: Support {
                chrome: "74",
                chrome_android: "74",
                firefox: "90",
                firefox_android: "90",
                safari: "14",
                safari_ios: "14",
                edge: "74",
                node: "12.0.0",
                deno: "1.0.0",
            },
        },
        file_path: "test.ts",
        ast_node: AstNode {
            span: Span {
                start: 45,
                end: 64,
            },
            loc: Location {
                start: Position {
                    line: 3,
                    col: 17,
                },
                end: Position {
                    line: 3,
                    col: 36,
                },
            },
        },
    },
    CompatBox {
        name: "classes.constructor",
        compat: Compat {
            name: "classes.constructor",
            mdn_url: "https://developer.mozilla.org/en-US/docs/Web/JavaScript/Reference/Classes/constructor",
            description: "constructor function",
            tags: [
                "web-features:class-syntax",
                "web-features:snapshot:ecmascript-2015",
            ],
            support: Support {
                chrome: "49",
                chrome_android: "49",
                firefox: "45",
                firefox_android: "45",
                safari: "9",
                safari_ios: "9",
                edge: "13",
                node: "6.0.0",
                deno: "1.0.0",
            },
        },
        file_path: "test.ts",
        ast_node: AstNode {
            span: Span {
                start: 98,
                end: 184,
            },
            loc: Location {
                start: Position {
                    line: 5,
                    col: 17,
                },
                end: Position {
                    line: 7,
                    col: 18,
                },
            },
        },
    },
]
