// Vitest Snapshot v1, https://vitest.dev/guide/snapshot.html

exports[`Detect circular dependencies in the specified directory. 1`] = `
[
  [
    {
      "astNode": {
        "loc": {
          "end": {
            "col": 13,
            "line": 1,
          },
          "start": {
            "col": 1,
            "line": 1,
          },
        },
        "span": {
          "end": 12,
          "start": 0,
        },
      },
      "source": "/a.js",
      "target": "/b.js",
    },
    {
      "astNode": {
        "loc": {
          "end": {
            "col": 13,
            "line": 1,
          },
          "start": {
            "col": 1,
            "line": 1,
          },
        },
        "span": {
          "end": 12,
          "start": 0,
        },
      },
      "source": "/b.js",
      "target": "/a.js",
    },
  ],
  [
    {
      "astNode": {
        "loc": {
          "end": {
            "col": 13,
            "line": 1,
          },
          "start": {
            "col": 1,
            "line": 1,
          },
        },
        "span": {
          "end": 12,
          "start": 0,
        },
      },
      "source": "/c.js",
      "target": "/a.js",
    },
    {
      "astNode": {
        "loc": {
          "end": {
            "col": 13,
            "line": 1,
          },
          "start": {
            "col": 1,
            "line": 1,
          },
        },
        "span": {
          "end": 12,
          "start": 0,
        },
      },
      "source": "/a.js",
      "target": "/b.js",
    },
    {
      "astNode": {
        "loc": {
          "end": {
            "col": 13,
            "line": 2,
          },
          "start": {
            "col": 1,
            "line": 2,
          },
        },
        "span": {
          "end": 25,
          "start": 13,
        },
      },
      "source": "/b.js",
      "target": "/c.js",
    },
  ],
  [
    {
      "astNode": {
        "loc": {
          "end": {
            "col": 13,
            "line": 1,
          },
          "start": {
            "col": 1,
            "line": 1,
          },
        },
        "span": {
          "end": 12,
          "start": 0,
        },
      },
      "source": "/c.js",
      "target": "/a.js",
    },
    {
      "astNode": {
        "loc": {
          "end": {
            "col": 13,
            "line": 2,
          },
          "start": {
            "col": 1,
            "line": 2,
          },
        },
        "span": {
          "end": 25,
          "start": 13,
        },
      },
      "source": "/a.js",
      "target": "/c.js",
    },
  ],
]
`;
