// Vitest Snapshot v1, https://vitest.dev/guide/snapshot.html

exports[`Get which files depend on the specified file 1`] = `
[
  [
    {
      "astNode": {
        "loc": {
          "end": {
            "col": 29,
            "line": 1,
          },
          "start": {
            "col": 1,
            "line": 1,
          },
        },
        "span": {
          "end": 28,
          "start": 0,
        },
      },
      "source": "/a.js",
      "target": "/utils.js",
    },
  ],
  [
    {
      "astNode": {
        "loc": {
          "end": {
            "col": 29,
            "line": 1,
          },
          "start": {
            "col": 1,
            "line": 1,
          },
        },
        "span": {
          "end": 28,
          "start": 0,
        },
      },
      "source": "/a.js",
      "target": "/utils.js",
    },
    {
      "astNode": {
        "loc": {
          "end": {
            "col": 25,
            "line": 1,
          },
          "start": {
            "col": 1,
            "line": 1,
          },
        },
        "span": {
          "end": 24,
          "start": 0,
        },
      },
      "source": "/c.js",
      "target": "/a.js",
    },
  ],
  [
    {
      "astNode": {
        "loc": {
          "end": {
            "col": 29,
            "line": 1,
          },
          "start": {
            "col": 1,
            "line": 1,
          },
        },
        "span": {
          "end": 28,
          "start": 0,
        },
      },
      "source": "/b.js",
      "target": "/utils.js",
    },
  ],
  [
    {
      "astNode": {
        "loc": {
          "end": {
            "col": 29,
            "line": 1,
          },
          "start": {
            "col": 1,
            "line": 1,
          },
        },
        "span": {
          "end": 28,
          "start": 0,
        },
      },
      "source": "/b.js",
      "target": "/utils.js",
    },
    {
      "astNode": {
        "loc": {
          "end": {
            "col": 25,
            "line": 2,
          },
          "start": {
            "col": 1,
            "line": 2,
          },
        },
        "span": {
          "end": 49,
          "start": 25,
        },
      },
      "source": "/c.js",
      "target": "/b.js",
    },
  ],
]
`;

exports[`Get which files depend on the specified file with alias 1`] = `
[
  [
    {
      "astNode": {
        "loc": {
          "end": {
            "col": 29,
            "line": 1,
          },
          "start": {
            "col": 1,
            "line": 1,
          },
        },
        "span": {
          "end": 28,
          "start": 0,
        },
      },
      "source": "/a.js",
      "target": "/utils.js",
    },
  ],
  [
    {
      "astNode": {
        "loc": {
          "end": {
            "col": 29,
            "line": 1,
          },
          "start": {
            "col": 1,
            "line": 1,
          },
        },
        "span": {
          "end": 28,
          "start": 0,
        },
      },
      "source": "/a.js",
      "target": "/utils.js",
    },
    {
      "astNode": {
        "loc": {
          "end": {
            "col": 25,
            "line": 1,
          },
          "start": {
            "col": 1,
            "line": 1,
          },
        },
        "span": {
          "end": 24,
          "start": 0,
        },
      },
      "source": "/c.js",
      "target": "/a.js",
    },
  ],
  [
    {
      "astNode": {
        "loc": {
          "end": {
            "col": 29,
            "line": 1,
          },
          "start": {
            "col": 1,
            "line": 1,
          },
        },
        "span": {
          "end": 28,
          "start": 0,
        },
      },
      "source": "/b.js",
      "target": "/utils.js",
    },
  ],
  [
    {
      "astNode": {
        "loc": {
          "end": {
            "col": 29,
            "line": 1,
          },
          "start": {
            "col": 1,
            "line": 1,
          },
        },
        "span": {
          "end": 28,
          "start": 0,
        },
      },
      "source": "/b.js",
      "target": "/utils.js",
    },
    {
      "astNode": {
        "loc": {
          "end": {
            "col": 25,
            "line": 2,
          },
          "start": {
            "col": 1,
            "line": 2,
          },
        },
        "span": {
          "end": 49,
          "start": 25,
        },
      },
      "source": "/c.js",
      "target": "/b.js",
    },
  ],
]
`;
